// Jest Snapshot v1, https://goo.gl/fbAQLP

exports[`AddExpensePage testCase 1`] = `
<div>
  <h2>
    Add Expense 
  </h2>
  <ExpenseForm
    onSubmit={[Function]}
  />
</div>
`;
