// Jest Snapshot v1, https://goo.gl/fbAQLP

exports[`ErrorPage testCase 1`] = `
<div>
  <h1>
    404
  </h1>
  <h2>
    You bugger there's no route here 
  </h2>
</div>
`;
