// Jest Snapshot v1, https://goo.gl/fbAQLP

exports[`ExpenseList with expenses 1`] = `
<div>
  <h1>
    Expense List
  </h1>
  <Connect(ExpensesFilter) />
  <ExpenseListItem
    item={
      Object {
        "amount": 10000,
        "createdAt": 0,
        "description": "Google",
        "id": 0,
        "note": "AI first company",
      }
    }
    key="0"
  />
  <ExpenseListItem
    item={
      Object {
        "amount": 10,
        "createdAt": -345600000,
        "description": "Microsoft",
        "id": 1,
        "note": "OS company",
      }
    }
    key="1"
  />
  <ExpenseListItem
    item={
      Object {
        "amount": 100,
        "createdAt": 345600000,
        "description": "FaceBook",
        "id": 2,
        "note": "Social Networking website",
      }
    }
    key="2"
  />
</div>
`;

exports[`ExpenseList withOut expenses 1`] = `
<div>
  <h1>
    Expense List
  </h1>
  <Connect(ExpensesFilter) />
  <p>
    No expenses To show
  </p>
</div>
`;
