// Jest Snapshot v1, https://goo.gl/fbAQLP

exports[`ExpenseDashBoardPage testCase 1`] = `<Connect(ExpenseList) />`;
