// Jest Snapshot v1, https://goo.gl/fbAQLP

exports[`ExpenseListItem testCase 1`] = `
<div>
  <Link
    replace={false}
    to="/edit/0"
  >
    <h3>
      Google
    </h3>
  </Link>
  <p>
    10000
    -
    0
  </p>
</div>
`;
