// Jest Snapshot v1, https://goo.gl/fbAQLP

exports[`Header Component TestCase 1`] = `
<div>
  <h1>
    Expensify
  </h1>
  <NavLink
    activeClassName="test"
    ariaCurrent="true"
    exact={true}
    to="/"
  >
    Dashboard
  </NavLink>
  <NavLink
    activeClassName="test"
    ariaCurrent="true"
    to="/create"
  >
    Create Expense 
  </NavLink>
  <NavLink
    activeClassName="test"
    ariaCurrent="true"
    to="/help"
  >
    Help 
  </NavLink>
</div>
`;
